// Jest Snapshot v1, https://goo.gl/fbAQLP

exports[`FooterElement should render correctly 1`] = `
{
  "asFragment": [Function],
  "baseElement": <body>
    <div>
      <footer
        class="flex flex-row items-center justify-between text-base"
      >
        <span>
          1
           items left
        </span>
        <div
          class="flex flex-row gap-2 items-center justify-between"
        >
          <button
            id="all"
          >
            All
          </button>
          <button
            id="active"
          >
            Active
          </button>
          <button
            id="completed"
          >
            Completed
          </button>
        </div>
        <button>
          Clear Completes
        </button>
      </footer>
    </div>
  </body>,
  "container": <div>
    <footer
      class="flex flex-row items-center justify-between text-base"
    >
      <span>
        1
         items left
      </span>
      <div
        class="flex flex-row gap-2 items-center justify-between"
      >
        <button
          id="all"
        >
          All
        </button>
        <button
          id="active"
        >
          Active
        </button>
        <button
          id="completed"
        >
          Completed
        </button>
      </div>
      <button>
        Clear Completes
      </button>
    </footer>
  </div>,
  "debug": [Function],
  "findAllByAltText": [Function],
  "findAllByDisplayValue": [Function],
  "findAllByLabelText": [Function],
  "findAllByPlaceholderText": [Function],
  "findAllByRole": [Function],
  "findAllByTestId": [Function],
  "findAllByText": [Function],
  "findAllByTitle": [Function],
  "findByAltText": [Function],
  "findByDisplayValue": [Function],
  "findByLabelText": [Function],
  "findByPlaceholderText": [Function],
  "findByRole": [Function],
  "findByTestId": [Function],
  "findByText": [Function],
  "findByTitle": [Function],
  "getAllByAltText": [Function],
  "getAllByDisplayValue": [Function],
  "getAllByLabelText": [Function],
  "getAllByPlaceholderText": [Function],
  "getAllByRole": [Function],
  "getAllByTestId": [Function],
  "getAllByText": [Function],
  "getAllByTitle": [Function],
  "getByAltText": [Function],
  "getByDisplayValue": [Function],
  "getByLabelText": [Function],
  "getByPlaceholderText": [Function],
  "getByRole": [Function],
  "getByTestId": [Function],
  "getByText": [Function],
  "getByTitle": [Function],
  "queryAllByAltText": [Function],
  "queryAllByDisplayValue": [Function],
  "queryAllByLabelText": [Function],
  "queryAllByPlaceholderText": [Function],
  "queryAllByRole": [Function],
  "queryAllByTestId": [Function],
  "queryAllByText": [Function],
  "queryAllByTitle": [Function],
  "queryByAltText": [Function],
  "queryByDisplayValue": [Function],
  "queryByLabelText": [Function],
  "queryByPlaceholderText": [Function],
  "queryByRole": [Function],
  "queryByTestId": [Function],
  "queryByText": [Function],
  "queryByTitle": [Function],
  "rerender": [Function],
  "unmount": [Function],
}
`;
